// Jest Snapshot v1, https://goo.gl/fbAQLP

exports[`RecipeListRow renders correctly 1`] = `
<tr>
  <td>
    Â 
  </td>
  <td>
    <a
      href="recipe/tacos"
      onClick={[Function]}
    >
      tacos
    </a>
  </td>
  <td>
    Tasty homemade tacos - hard or soft
  </td>
</tr>
`;
