// Jest Snapshot v1, https://goo.gl/fbAQLP

exports[`RecipesPage renders correctly 1`] = `
<div
  className="jumbotron"
>
  <h2>
    recipes
  </h2>
  <hr />
  <table
    className="table"
  >
    <thead>
      <tr>
        <th>
           
        </th>
        <th>
          title
        </th>
        <th>
          description
        </th>
      </tr>
    </thead>
    <tbody>
      <tr>
        <td>
           
        </td>
        <td>
          <a
            href="recipe/tacos"
            onClick={[Function]}
          >
            tacos
          </a>
        </td>
        <td>
          Tasty homemade tacos - hard or soft
        </td>
      </tr>
      <tr>
        <td>
           
        </td>
        <td>
          <a
            href="recipe/quiche"
            onClick={[Function]}
          >
            quiche
          </a>
        </td>
        <td>
          Delicious Spinach Quiche and Ham & Cauliflower quiche
        </td>
      </tr>
    </tbody>
  </table>
  <input
    className="btn btn-primary"
    onClick={[Function]}
    type="submit"
    value="add recipe"
  />
</div>
`;
