// Jest Snapshot v1, https://goo.gl/fbAQLP

exports[`RecipeEntryView renders correctly 1`] = `
<form>
  <div
    className="form-group"
  >
    <label
      htmlFor="title"
    >
      Title
    </label>
    <input
      className="form-control"
      name="title"
      onChange={[Function]}
      placeholder=""
      type="text"
      value=""
    />
    
  </div>
  <div
    className="form-group"
  >
    <label
      htmlFor="description"
    >
      Description
    </label>
    <input
      className="form-control"
      name="description"
      onChange={[Function]}
      placeholder=""
      type="text"
      value=""
    />
    
  </div>
  <div
    className="form-group"
  >
    <label
      htmlFor="category"
    >
      Category
    </label>
    <select
      className="form-control"
      name="category"
      onChange={[Function]}
      value=""
    >
      <option
        value=""
      >
        select category
      </option>
    </select>
    
  </div>
  <button
    className="btn btn-primary"
    disabled={false}
    id="save"
    onClick={[Function]}
    type="submit"
  >
    save
  </button>
  <button
    className="btn btn-secondary"
    disabled={false}
    id="cancel"
    onClick={[Function]}
    type="button"
  >
    cancel
  </button>
</form>
`;
